python : c:\Program Files (x86)\Steam\steamapps\sourcemods\p2ce-archipelago\archipelago\NetUtils.py:532: UserWarning: 
_speedups not available. Falling back to pure python LocationStore. Install a matching C++ compiler for your platform 
to compile _speedups.
At line:1 char:99
+ ... chipelago"; python -m worlds.portal2_p2ce.client.Portal2Client --nogu ...
+                 ~~~~~~~~~~~~~~~~~~~~~~~~~~~~~~~~~~~~~~~~~~~~~~~~~~~~~~~~~
    + CategoryInfo          : NotSpecified: (c:\Program File...pile _speedups.:String) [], RemoteException
    + FullyQualifiedErrorId : NativeCommandError
 
  warnings.warn("_speedups not available. Falling back to pure python LocationStore. "
Archipelago (0.6.7) logging initialized on Windows-11-10.0.26100-SP0 process 15164 running Python 3.13.13
usage: Portal2Client.py [-h] [--connect CONNECT] [--password PASSWORD]
                        [--nogui] [--name NAME]
                        [url]

positional arguments:
  url                  Archipelago connection url

options:
  -h, --help           show this help message and exit
  --connect CONNECT    Address of the multiworld host.
  --password PASSWORD  Password of the multiworld host.
  --nogui              Turns off Client GUI.
  --name NAME          Slot Name to connect as.
